// Jest Snapshot v1, https://goo.gl/fbAQLP

exports[`Should properly render Login Component 1`] = `
<div>
  <button>
    Login
  </button>
</div>
`;
